3 09/10/2021 "Default description" 16:59:51 "" {"StmtCnt":25,"DataPts":54,"NumWrites":0,"TotTime":0.005093,"BufferSize":61440,"Directory":"/home/gquerret/dev/pct/testbox/PCTRun/test49/","Propath":"/tmp/pct220950602.pl,,/opt/dlc-12.2/tty,/opt/dlc-12.2/tty/OpenEdge.Core.pl,/opt/dlc-12.2/tty/dataadmin.pl,/opt/dlc-12.2/tty/ablunit.pl,/opt/dlc-12.2/tty/adeshar.pl,/opt/dlc-12.2/tty/adeedit.pl,/opt/dlc-12.2/tty/adecomm.pl,/opt/dlc-12.2/tty/prodict.pl,/opt/dlc-12.2/tty/adecomp.pl,/opt/dlc-12.2,/opt/dlc-12.2/bin", PASOE": { "transport": "WEB", "ABLSessionID": "AS-4", "AgentPid": 7096 }}
.
2 "test.p" "" 20667 0 ""
1 "/tmp/pctinit117287014.p" "" 11528 0 ""
4 "returnValue /tmp/pctinit117287014.p" "" 0 38 ""
3 "test2.p" "" 11619 0 ""
.
0 0 1 1
2 3 3 1
1 25 2 1
1 36 4 1
.
0 0 1 0.000000 0.005093
1 0 1 0.004678 0.005093
2 3 1 0.000063 0.000095
2 0 1 0.000007 0.000115
3 1 1 0.000016 0.000016
3 0 1 0.000016 0.000032
2 1 1 0.000011 0.000011
4 0 1 0.000010 0.000016
2 5 1 0.000002 0.000002
1 13 1 0.000010 0.000010
1 12 1 0.000038 0.000038
1 15 1 0.000001 0.000001
1 14 1 0.000003 0.000003
1 17 1 0.000002 0.000002
1 18 1 0.000001 0.000001
1 25 1 0.000214 0.000329
1 24 1 0.000001 0.000001
1 33 1 0.000002 0.000002
1 32 1 0.000001 0.000001
1 35 1 0.000002 0.000002
1 34 1 0.000002 0.000002
1 37 1 0.000001 0.000001
1 36 1 0.000006 0.000022
4 40 1 0.000002 0.000002
4 41 1 0.000004 0.000004
4 42 1 0.000000 0.000000
.
.
.
0 0 0 0 1 0.005093 1
1 0 1 0 1 0.005093 2 4
2 1 2 25 1 0.000115 3
3 2 3 3 1 0.000032
4 1 4 36 1 0.000016
.
0.471480 "User data in profiler"
.
