3 03/27/2019 "Default description" 17:23:41 "" {"StmtCnt":370,"DataPts":782,"NumWrites":0,"TotTime":0.011467,"BufferSize":61440,"Directory":"Z:\jenkins-public\Windows-Node2\workspace\PCT_bug_OE12Profile@2\testbox\PCTCompileExt\test46\","Propath":"","Propath":"C:\Windows\TEMP\pctcomp107313836,C:\Windows\TEMP\pct207982935.pl,.,Z:\Progress\OpenEdge-12.0\tty,Z:\Progress\OpenEdge-12.0\tty\ablunit.pl,Z:\Progress\OpenEdge-12.0\tty\adecomm.pl,Z:\Progress\OpenEdge-12.0\tty\adecomp.pl,Z:\Progress\OpenEdge-12.0\tty\adeedit.pl,Z:\Progress\OpenEdge-12.0\tty\adeshar.pl,Z:\Progress\OpenEdge-12.0\tty\dataadmin.pl,Z:\Progress\OpenEdge-12.0\tty\OpenEdge.BusinessLogic.pl,Z:\Progress\OpenEdge-12.0\tty\OpenEdge.Core.pl,Z:\Progress\OpenEdge-12.0\tty\OpenEdge.ServerAdmin.pl,Z:\Progress\OpenEdge-12.0\tty\prodict.pl,Z:\Progress\OpenEdge-12.0,Z:\Progress\OpenEdge-12.0\bin"}
.
18 "importXref pct/compile.p" "" 0 729 ""
14 "getTimeStampDF pct/compile.p" "" 0 831 ""
6 "setOption pct/compile.p" "" 0 263 ""
15 "getTimeStampF pct/compile.p" "" 0 835 ""
13 "createDir pct/compile.p" "" 0 907 ""
2 "getParameter C:\Windows\TEMP\pct_init93607408.p" "" 0 7 ""
17 "pctcomp.p" "" 25052 0 ""
9 "pct/pctCRC.p" "" 25536 0 ""
7 "logError pct/pctBgCompile.p" "" 0 117 ""
16 "logVerbose pct/pctBgCompile.p" "" 0 138 ""
10 "fileExists pct/compile.p" "" 0 902 ""
8 "initModule pct/compile.p" "" 0 301 ""
4 "pct/compile.p" "" 44104 0 ""
12 "compileXref pct/compile.p" "" 0 365 ""
1 "C:\Windows\TEMP\pct_init93607408.p" "" 33638 0 ""
5 "setOptions pct/pctBgCompile.p" "" 0 28 ""
11 "pctCompile pct/pctBgCompile.p" "" 0 70 ""
3 "pct/pctBgCompile.p" "" 4288 0 ""
.
12 535 17 1
12 555 18 1
0 0 1 1
1 25 11 1
1 25 2 1
1 25 3 1
1 25 5 1
3 25 4 1
5 35 6 1
5 39 6 1
5 38 6 1
5 37 6 1
5 36 6 1
5 43 6 1
5 41 6 1
5 40 6 1
5 47 6 1
5 46 6 1
5 45 6 1
5 44 6 1
5 51 6 1
5 50 6 1
5 49 6 1
5 48 6 1
5 54 6 1
5 53 6 1
5 52 6 1
5 59 6 1
5 58 6 1
5 57 6 1
5 56 6 1
5 62 6 1
5 61 6 1
5 60 6 1
5 64 8 1
11 95 12 1
12 406 10 1
12 415 13 1
12 417 13 1
12 444 14 1
12 506 16 1
14 832 15 1
6 296 7 1
8 317 9 1
8 323 10 1
8 325 10 1
.
16 141 1 0.000009 0.000009
16 143 1 0.000000 0.000000
4 237 1 0.000008 0.000008
4 246 1 0.000014 0.000014
4 247 1 0.000003 0.000003
4 252 1 0.000002 0.000002
4 254 1 0.000001 0.000001
4 248 1 0.000001 0.000001
4 249 1 0.000001 0.000001
0 0 1 0.000000 0.011467
1 0 1 0.002570 0.011467
2 0 1 0.000023 0.000077
3 0 1 0.000016 0.000873
4 0 1 0.000355 0.000649
5 0 1 0.000019 0.001120
6 0 26 0.000077 0.000282
7 0 1 0.000003 0.000012
8 0 1 0.000012 0.000677
2 10 1 0.000001 0.000001
9 0 1 0.000133 0.000175
10 0 3 0.000022 0.000455
2 8 1 0.000050 0.000050
11 0 1 0.000007 0.005915
2 9 1 0.000003 0.000003
12 0 1 0.000054 0.005866
1 13 1 0.000003 0.000003
13 0 2 0.000013 0.000052
1 12 1 0.000219 0.000219
14 0 1 0.000003 0.000073
1 15 1 0.000001 0.000001
15 0 1 0.000006 0.000057
1 14 1 0.000005 0.000005
16 0 1 0.000005 0.000014
1 17 1 0.000001 0.000001
17 0 1 0.000022 0.001893
18 0 1 0.000082 0.001088
1 18 1 0.000004 0.000004
9 31 1 0.000007 0.000007
1 25 1 0.000675 0.008660
17 9 1 0.000003 0.000003
3 26 1 0.000001 0.000001
1 24 1 0.000003 0.000003
17 11 1 0.000010 0.000010
3 25 1 0.000207 0.000856
17 10 1 0.001858 0.001858
5 37 1 0.000004 0.000011
1 32 1 0.000001 0.000001
5 36 1 0.000005 0.000012
5 39 1 0.000007 0.000020
5 38 1 0.000005 0.000036
5 35 1 0.000017 0.000032
5 45 1 0.000003 0.000011
9 32 1 0.000017 0.000017
5 44 1 0.000004 0.000012
9 35 1 0.000004 0.000004
5 47 1 0.000007 0.000016
5 46 1 0.000005 0.000012
5 41 1 0.000006 0.000016
5 40 1 0.000005 0.000016
5 43 1 0.000004 0.000010
5 42 1 0.000003 0.000003
5 53 1 0.000004 0.000011
5 52 1 0.000005 0.000014
5 55 1 0.000003 0.000003
5 54 1 0.000005 0.000014
5 49 1 0.000004 0.000017
5 48 1 0.000003 0.000011
5 51 1 0.000004 0.000014
5 50 1 0.000004 0.000016
5 61 1 0.000004 0.000016
5 60 1 0.000005 0.000017
5 62 1 0.000003 0.000016
5 57 1 0.000003 0.000016
5 56 1 0.000005 0.000013
5 59 1 0.000005 0.000016
5 58 1 0.000005 0.000018
5 68 1 0.000000 0.000000
5 64 1 0.000003 0.000680
5 66 1 0.000002 0.000002
9 67 1 0.000001 0.000001
9 66 1 0.000007 0.000007
9 69 1 0.000002 0.000002
9 68 1 0.000004 0.000004
11 95 1 0.000011 0.005877
11 93 1 0.000003 0.000003
11 92 2 0.000013 0.000013
11 105 1 0.000000 0.000000
11 110 1 0.000000 0.000000
11 103 1 0.000004 0.000004
11 102 1 0.000003 0.000003
11 115 1 0.000001 0.000001
11 112 1 0.000007 0.000007
7 122 1 0.000001 0.000001
7 120 1 0.000008 0.000008
12 391 1 0.000006 0.000006
12 413 1 0.000805 0.000805
12 414 1 0.000231 0.000231
12 415 1 0.000008 0.000043
12 406 1 0.000007 0.000174
12 425 1 0.000002 0.000002
12 426 1 0.000004 0.000004
12 427 1 0.000000 0.000000
12 416 1 0.000001 0.000001
12 417 1 0.000004 0.000021
12 418 1 0.000000 0.000000
12 419 1 0.000007 0.000007
12 444 1 0.000006 0.000079
12 445 1 0.000002 0.000002
12 446 1 0.000001 0.000001
12 447 1 0.000000 0.000000
12 441 1 0.000001 0.000001
12 438 1 0.000002 0.000002
12 473 1 0.000004 0.000004
12 474 1 0.000003 0.000003
12 475 1 0.000002 0.000002
12 471 1 0.000001 0.000001
12 465 1 0.000000 0.000000
12 466 1 0.000001 0.000001
12 493 1 0.000001 0.000001
12 489 1 0.000000 0.000000
12 481 1 0.000000 0.000000
12 482 1 0.000001 0.000001
12 483 1 0.000003 0.000003
12 509 1 0.000003 0.000003
12 504 1 0.000001 0.000001
12 506 1 0.000009 0.000023
4 260 1 0.000264 0.000264
6 270 1 0.000001 0.000001
6 271 1 0.000001 0.000001
6 268 1 0.000001 0.000001
6 269 1 0.000001 0.000001
6 267 26 0.000148 0.000199
6 278 1 0.000001 0.000001
6 279 1 0.000001 0.000001
6 276 1 0.000001 0.000001
6 277 1 0.000001 0.000001
6 274 1 0.000001 0.000001
6 275 1 0.000002 0.000002
6 272 1 0.000002 0.000002
6 273 1 0.000001 0.000001
6 287 1 0.000001 0.000001
6 284 1 0.000001 0.000001
6 285 1 0.000001 0.000001
6 282 1 0.000002 0.000002
6 283 1 0.000001 0.000001
6 280 1 0.000001 0.000001
6 281 1 0.000002 0.000002
6 294 1 0.000001 0.000001
6 292 1 0.000002 0.000002
6 290 1 0.000001 0.000001
6 291 1 0.000001 0.000001
8 302 1 0.000006 0.000006
6 288 1 0.000003 0.000003
6 289 1 0.000002 0.000002
6 299 26 0.000006 0.000006
6 296 1 0.000006 0.000018
8 316 1 0.000009 0.000009
8 317 1 0.000162 0.000337
8 318 1 0.000003 0.000003
8 304 1 0.000002 0.000002
8 308 1 0.000001 0.000001
8 331 1 0.000001 0.000001
8 332 1 0.000000 0.000000
8 334 1 0.000000 0.000000
8 322 1 0.000003 0.000003
8 323 1 0.000007 0.000190
8 325 1 0.000006 0.000111
8 327 1 0.000001 0.000001
8 351 1 0.000000 0.000000
8 336 1 0.000000 0.000000
8 339 1 0.000001 0.000001
18 755 4 0.000015 0.000015
18 752 4 0.000015 0.000015
18 758 4 0.000011 0.000011
18 760 4 0.000010 0.000010
18 766 4 0.000035 0.000035
18 767 5 0.000013 0.000013
18 765 4 0.000008 0.000008
18 739 1 0.000016 0.000016
18 742 1 0.000044 0.000044
18 743 5 0.000005 0.000005
18 741 1 0.000068 0.000068
18 744 5 0.000028 0.000028
18 745 5 0.000131 0.000131
18 751 4 0.000015 0.000015
18 748 4 0.000032 0.000032
18 749 4 0.000012 0.000012
12 518 1 0.000003 0.000003
12 541 1 0.000002 0.000002
12 535 1 0.000706 0.002599
12 556 1 0.000000 0.000000
12 557 1 0.000003 0.000003
12 552 1 0.000001 0.000001
12 555 1 0.000006 0.001094
12 551 1 0.000002 0.000002
12 544 1 0.000003 0.000003
12 545 1 0.000001 0.000001
12 547 1 0.000003 0.000003
12 576 1 0.000002 0.000002
12 577 1 0.000053 0.000053
12 578 1 0.000000 0.000000
12 579 1 0.000000 0.000000
12 605 1 0.000005 0.000005
12 606 1 0.000413 0.000413
12 607 1 0.000002 0.000002
12 602 1 0.000002 0.000002
12 603 1 0.000201 0.000201
12 612 1 0.000001 0.000001
12 610 1 0.000000 0.000000
10 904 3 0.000010 0.000010
10 905 3 0.000002 0.000002
10 903 3 0.000421 0.000421
13 919 2 0.000007 0.000007
13 918 2 0.000005 0.000005
13 912 2 0.000023 0.000023
13 915 2 0.000002 0.000002
13 940 2 0.000000 0.000000
13 938 2 0.000002 0.000002
18 790 1 0.000135 0.000135
18 791 1 0.000019 0.000019
18 788 1 0.000011 0.000011
18 770 1 0.000020 0.000020
18 768 1 0.000001 0.000001
18 769 1 0.000003 0.000003
18 772 1 0.000136 0.000136
18 773 1 0.000052 0.000052
18 779 1 0.000121 0.000121
18 777 1 0.000013 0.000013
18 780 1 0.000022 0.000022
18 829 1 0.000003 0.000003
18 807 1 0.000011 0.000011
18 809 1 0.000001 0.000001
15 838 1 0.000000 0.000000
15 837 1 0.000003 0.000003
15 836 1 0.000048 0.000048
14 832 1 0.000013 0.000070
14 833 1 0.000000 0.000000
.
.
17 "" 3
9
10
11
.
9 "" 28
31
32
35
39
40
41
42
43
44
46
47
48
49
50
51
56
58
59
60
61
62
63
64
65
66
67
68
69
.
4 "setOption" 31
267
268
269
270
271
272
273
274
275
276
277
278
279
280
281
282
283
284
285
286
287
288
289
290
291
292
293
294
296
297
299
.
4 "initModule" 38
302
304
305
308
309
310
311
316
317
318
319
322
323
324
325
326
327
328
329
330
331
332
333
334
335
336
337
339
340
341
342
344
345
346
347
348
349
351
.
4 "getRecompileLabel" 10
354
355
356
357
358
359
360
361
362
363
.
4 "compileXref" 168
391
392
393
394
395
396
398
399
400
401
402
403
404
406
407
408
409
410
411
413
414
415
416
417
418
419
425
426
427
428
429
430
431
432
433
434
435
436
438
439
440
441
444
445
446
447
448
450
451
452
453
454
455
456
457
458
459
460
461
462
463
464
465
466
467
468
469
470
471
473
474
475
481
482
483
484
485
486
487
488
489
491
493
494
495
496
497
498
499
500
501
502
504
506
509
510
511
512
513
518
519
520
521
523
524
525
530
531
532
535
541
544
545
547
548
549
550
551
552
553
555
556
557
558
559
560
562
564
565
566
567
568
569
570
571
572
573
574
575
576
577
578
579
580
581
582
583
584
585
589
590
591
595
596
597
598
599
600
601
602
603
605
606
607
608
609
610
612
.
4 "displayCompileErrors" 25
627
630
631
632
634
635
637
639
640
641
642
643
644
645
646
647
648
650
651
652
653
654
655
656
658
.
4 "importXmlXref" 51
668
669
670
672
674
675
676
678
679
680
681
682
683
684
685
686
687
688
689
690
691
692
693
695
696
697
699
700
701
703
704
705
706
707
708
710
711
712
713
714
715
716
717
718
719
721
722
723
724
725
727
.
4 "importXref" 77
739
741
742
743
744
745
748
749
751
752
755
756
758
759
760
762
763
764
765
766
767
768
769
770
772
773
774
775
776
777
779
780
781
782
783
784
785
786
787
788
790
791
792
793
794
795
796
797
798
799
800
801
802
803
804
805
806
807
809
810
811
812
813
814
815
816
817
818
819
821
822
823
824
825
826
827
829
.
4 "getTimeStampDF" 2
832
833
.
4 "getTimeStampF" 3
836
837
838
.
4 "CheckIncludes" 25
846
847
848
849
851
853
854
855
856
857
858
860
861
862
863
864
865
866
867
868
869
870
871
872
874
.
4 "CheckCRC" 18
881
882
883
885
886
887
888
889
890
891
892
893
894
895
896
897
898
900
.
4 "fileExists" 3
903
904
905
.
4 "createDir" 21
912
915
916
918
919
920
921
924
925
926
928
929
931
932
933
934
935
936
937
938
940
.
4 "" 8
237
246
247
248
249
252
254
260
.
1 "getParameter" 3
8
9
10
.
1 "" 20
12
13
14
15
17
18
19
20
21
22
23
24
25
26
27
28
29
30
31
32
.
3 "setOptions" 31
35
36
37
38
39
40
41
42
43
44
45
46
47
48
49
50
51
52
53
54
55
56
57
58
59
60
61
62
64
66
68
.
3 "pctCompile" 13
92
93
95
102
103
105
106
107
108
109
110
112
115
.
3 "logError" 2
120
122
.
3 "logWarning" 2
127
129
.
3 "logInfo" 2
134
136
.
3 "logVerbose" 2
141
143
.
3 "logDebug" 2
148
150
.
3 "" 2
25
26
.
.
0 0 0 0 1 0.011467 1
1 0 1 0 1 0.011467 2 3 5 37
2 1 2 25 1 0.000077
3 1 3 25 1 0.000873 4
4 3 4 25 1 0.000649
5 1 5 25 1 0.001120 6 7 8 9 11 12 13 14 15 16 17 18 19 20 21 22 23 24 25 26 27 28 29 30 31 32 33
6 5 6 35 1 0.000015
7 5 6 36 1 0.000007
8 5 6 37 1 0.000007
9 5 6 38 1 0.000031 10
10 9 7 296 1 0.000012
11 5 6 39 1 0.000013
12 5 6 40 1 0.000011
13 5 6 41 1 0.000010
14 5 6 43 1 0.000006
15 5 6 44 1 0.000008
16 5 6 45 1 0.000008
17 5 6 46 1 0.000007
18 5 6 47 1 0.000009
19 5 6 48 1 0.000008
20 5 6 49 1 0.000013
21 5 6 50 1 0.000012
22 5 6 51 1 0.000010
23 5 6 52 1 0.000009
24 5 6 53 1 0.000007
25 5 6 54 1 0.000009
26 5 6 56 1 0.000008
27 5 6 57 1 0.000013
28 5 6 58 1 0.000013
29 5 6 59 1 0.000011
30 5 6 60 1 0.000012
31 5 6 61 1 0.000012
32 5 6 62 1 0.000013
33 5 8 64 1 0.000677 34 35 36
34 33 9 317 1 0.000175
35 33 10 323 1 0.000183
36 33 10 325 1 0.000105
37 1 11 25 1 0.005915 38
38 37 12 95 1 0.005866 39 40 41 42 44 45 46
39 38 10 406 1 0.000167
40 38 13 415 1 0.000035
41 38 13 417 1 0.000017
42 38 14 444 1 0.000073 43
43 42 15 832 1 0.000057
44 38 16 506 1 0.000014
45 38 17 535 1 0.001893
46 38 18 555 1 0.001088
.
.
