3 03/28/2019 "Default description" 09:51:55 "" {"StmtCnt":26,"DataPts":62,"NumWrites":0,"TotTime":0.003608,"BufferSize":61440,"Directory":"Z:\ProgressWrk\pct\testbox\PCTRun\test5\","Propath":"","Propath":"C:\Users\ADMINI~1\AppData\Local\Temp\11\pct42379863.pl,.,Z:\Progress\OpenEdge-12.0\tty,Z:\Progress\OpenEdge-12.0\tty\ablunit.pl,Z:\Progress\OpenEdge-12.0\tty\adecomm.pl,Z:\Progress\OpenEdge-12.0\tty\adecomp.pl,Z:\Progress\OpenEdge-12.0\tty\adeedit.pl,Z:\Progress\OpenEdge-12.0\tty\adeshar.pl,Z:\Progress\OpenEdge-12.0\tty\dataadmin.pl,Z:\Progress\OpenEdge-12.0\tty\OpenEdge.BusinessLogic.pl,Z:\Progress\OpenEdge-12.0\tty\OpenEdge.Core.pl,Z:\Progress\OpenEdge-12.0\tty\OpenEdge.ServerAdmin.pl,Z:\Progress\OpenEdge-12.0\tty\prodict.pl,Z:\Progress\OpenEdge-12.0,Z:\Progress\OpenEdge-12.0\bin"}
.
2 "test.p" "" 52526 0 ""
3 "plop.p" "" 60847 0 ""
1 "C:\Users\ADMINI~1\AppData\Local\Temp\11\pctinit247128661.p" "" 5837 0 ""
4 "returnValue C:\Users\ADMINI~1\AppData\Local\Temp\11\pctinit247128661.p" "" 0 38 ""
.
0 0 1 1
2 3 3 1
1 25 2 1
1 36 4 1
.
0 0 1 0.000000 0.003608
2 2 1 0.000004 0.000004
1 0 1 0.002460 0.003608
2 3 1 0.000221 0.000290
2 0 1 0.000008 0.000312
3 1 1 0.000030 0.000030
3 0 1 0.000039 0.000069
2 1 1 0.000009 0.000009
4 0 1 0.000011 0.000016
2 4 1 0.000001 0.000001
1 13 1 0.000024 0.000024
1 12 1 0.000211 0.000211
1 15 1 0.000001 0.000001
1 14 1 0.000006 0.000006
1 17 1 0.000003 0.000003
1 18 1 0.000003 0.000003
1 25 1 0.000547 0.000859
1 24 1 0.000002 0.000002
1 33 1 0.000008 0.000008
1 32 1 0.000000 0.000000
1 35 1 0.000002 0.000002
1 34 1 0.000002 0.000002
1 37 1 0.000003 0.000003
1 36 1 0.000008 0.000024
4 40 1 0.000003 0.000003
4 41 1 0.000002 0.000002
4 42 1 0.000000 0.000000
.
2 1 0.000009 0.986854
2 2 0.000004 0.987199
3 1 0.000030 0.987425
3 0 0.000039 0.987420
2 3 0.000221 0.987203
2 4 0.000001 0.987494
2 0 0.000008 0.986850
.
2 "" 4
1
2
3
4
.
3 "" 1
1
.
1 "getParameter" 3
8
9
10
.
1 "returnValue" 3
40
41
42
.
1 "writeOutputParam" 5
46
47
48
49
50
.
1 "" 25
12
13
14
15
17
18
19
20
21
22
23
24
25
26
27
28
29
30
31
32
33
34
35
36
37
.
.
0 0 0 0 1 0.003608 1
1 0 1 0 1 0.003608 2 4
2 1 2 25 1 0.000312 3
3 2 3 3 1 0.000069
4 1 4 36 1 0.000016
.
0.987187 "Hello world"
.
